// Vitest Snapshot v1, https://vitest.dev/guide/snapshot.html

exports[`FightRenderer.renderTurn > renders a 4-fighter, two-team, mid-turn snapshot 1`] = `
{
  "components": [
    {
      "accentColor": 4040894,
      "components": [
        {
          "content": "## 🎌 Friendly Fight",
          "type": 10,
        },
        {
          "divider": true,
          "spacing": 1,
          "type": 14,
        },
        {
          "content": "### 🎯 Alice's Turn
> 🔋 • **8 / 10** STA
> <:gbegp:1502009324757713027><:gmdp:1502009372341960808><:gmdp:1502009372341960808><:gmdp:1502009372341960808><:gmdp:1502009372341960808><:bendp:1499893459195265024> ",
          "type": 10,
        },
        {
          "divider": true,
          "spacing": 1,
          "type": 14,
        },
        {
          "content": "### 👥 Team 1
👤 **Alice** • LVL 50
> -# :heart: • **1,000 / 1,000** HP
> <:rbegp:1499892865457848390><:rmdp:1499892463228420229><:rmdp:1499892463228420229><:rmdp:1499892463228420229><:rmdp:1499892463228420229><:rendp:1499892039012323540>
> -# 🛡️ • **100 / 100** DEF
> <:bluebegp:1499894030840889384><:bluemdp:1499894069562966076><:bluemdp:1499894069562966076><:bluemdp:1499894069562966076><:bluemdp:1499894069562966076><:blueendp:1499894088756105328>

👤 ~~**Bob**~~ • LVL 50 ☠️
> -# :heart: • **0 / 1,000** HP
> <:bbegp:1499893513154723920><:bmdp:1499893491461918811><:bmdp:1499893491461918811><:bmdp:1499893491461918811><:bmdp:1499893491461918811><:bendp:1499893459195265024>
> -# 🛡️ • **100 / 100** DEF
> <:bluebegp:1499894030840889384><:bluemdp:1499894069562966076><:bluemdp:1499894069562966076><:bluemdp:1499894069562966076><:bluemdp:1499894069562966076><:blueendp:1499894088756105328>",
          "type": 10,
        },
        {
          "divider": true,
          "spacing": 1,
          "type": 14,
        },
        {
          "content": "### 👥 Team 2
👤 **Carol** • LVL 50
> -# :heart: • **1,000 / 1,000** HP
> <:rbegp:1499892865457848390><:rmdp:1499892463228420229><:rmdp:1499892463228420229><:rmdp:1499892463228420229><:rmdp:1499892463228420229><:rendp:1499892039012323540>
> -# 🛡️ • **100 / 100** DEF
> <:bluebegp:1499894030840889384><:bluemdp:1499894069562966076><:bluemdp:1499894069562966076><:bluemdp:1499894069562966076><:bluemdp:1499894069562966076><:blueendp:1499894088756105328>

👤 **Dan** • LVL 50
> -# :heart: • **1,000 / 1,000** HP
> <:rbegp:1499892865457848390><:rmdp:1499892463228420229><:rmdp:1499892463228420229><:rmdp:1499892463228420229><:rmdp:1499892463228420229><:rendp:1499892039012323540>
> -# 🛡️ • **100 / 100** DEF
> <:bluebegp:1499894030840889384><:bluemdp:1499894069562966076><:bluemdp:1499894069562966076><:bluemdp:1499894069562966076><:bluemdp:1499894069562966076><:blueendp:1499894088756105328>",
          "type": 10,
        },
        {
          "divider": true,
          "spacing": 1,
          "type": 14,
        },
        {
          "content": "### 📜 Turn 1
Alice punched Carol

### 📜 Turn 2
Carol froze Dan",
          "type": 10,
        },
        {
          "divider": true,
          "spacing": 1,
          "type": 14,
        },
        {
          "content": "-# Auto-target 🔓 manual • FightID fight-id",
          "type": 10,
        },
      ],
      "type": 17,
    },
    {
      "components": [
        {
          "custom_id": "fight-idattack",
          "disabled": false,
          "emoji": {
            "animated": false,
            "id": undefined,
            "name": "👊",
          },
          "label": "Attack",
          "style": 1,
          "type": 2,
        },
        {
          "custom_id": "fight-iddefend",
          "disabled": false,
          "emoji": {
            "animated": false,
            "id": undefined,
            "name": "🛡️",
          },
          "label": "Defend",
          "style": 1,
          "type": 2,
        },
        {
          "custom_id": "fight-idskip",
          "disabled": false,
          "emoji": {
            "animated": false,
            "id": undefined,
            "name": "⏭️",
          },
          "label": "Skip",
          "style": 2,
          "type": 2,
        },
        {
          "custom_id": "fight-idforfeit",
          "disabled": false,
          "emoji": {
            "animated": false,
            "id": undefined,
            "name": "🏳️",
          },
          "label": "Forfeit",
          "style": 4,
          "type": 2,
        },
      ],
      "kind": "ActionRow",
    },
    {
      "components": [
        {
          "custom_id": "fight-idlock",
          "emoji": {
            "animated": false,
            "id": undefined,
            "name": "🔓",
          },
          "label": "Auto-Target",
          "style": 2,
          "type": 2,
        },
      ],
      "kind": "ActionRow",
    },
  ],
  "flags": 32768,
}
`;
